[09:49:31S] [INFO] Client 'Machine_1_Client_4' starting
[09:49:31S] [INFO] Client 'Machine_1_Client_4' sending 1000 requests (delay: 100-2000ms, 1 images available)...
[09:49:31S] [INFO] 📡 Machine_1_Client_4 Getting task assignment for task #1
[09:49:31S] [INFO] 📡 Machine_1_Client_4 Broadcasting assignment request for task #1 to 3 servers
[09:49:36S] [INFO] ✅ Machine_1_Client_4 Received assignment from leader (Server 2): Task #1 → Server 2
[09:49:36S] [INFO] ✅ Machine_1_Client_4 Task #1 assigned to Server 2 by leader 2
[09:49:36S] [INFO] 📤 Machine_1_Client_4 Sending task #1 to server at 10.40.38.47:8001
[09:49:37S] [INFO] 🔍 Machine_1_Client_4 Verifying encryption for task #1 (carrier image size: 281856 bytes)
[09:49:37S] [INFO] ✅ Machine_1_Client_4 Successfully extracted embedded image for task #1 (size: 36734 bytes)
[09:49:37S] [INFO] ✅ Machine_1_Client_4 Encryption VERIFIED for task #1
[09:49:37S] [INFO] 📨 Machine_1_Client_4 Sent ACK for task #1
[09:49:37S] [INFO] ✅ Machine_1_Client_4 Task #1 completed successfully
[09:49:37S] [INFO] 📡 Machine_1_Client_4 Getting task assignment for task #2
[09:49:37S] [INFO] 📡 Machine_1_Client_4 Broadcasting assignment request for task #2 to 3 servers
[09:49:42S] [INFO] ✅ Machine_1_Client_4 Received assignment from leader (Server 2): Task #2 → Server 2
[09:49:42S] [INFO] ✅ Machine_1_Client_4 Task #2 assigned to Server 2 by leader 2
[09:49:42S] [INFO] 📤 Machine_1_Client_4 Sending task #2 to server at 10.40.38.47:8001
[09:49:44S] [INFO] 🔍 Machine_1_Client_4 Verifying encryption for task #2 (carrier image size: 281856 bytes)
[09:49:44S] [INFO] ✅ Machine_1_Client_4 Successfully extracted embedded image for task #2 (size: 36734 bytes)
[09:49:44S] [INFO] ✅ Machine_1_Client_4 Encryption VERIFIED for task #2
[09:49:44S] [INFO] 📨 Machine_1_Client_4 Sent ACK for task #2
[09:49:44S] [INFO] ✅ Machine_1_Client_4 Task #2 completed successfully
[09:49:45S] [INFO] 📡 Machine_1_Client_4 Getting task assignment for task #3
[09:49:45S] [INFO] 📡 Machine_1_Client_4 Broadcasting assignment request for task #3 to 3 servers
[09:49:50S] [INFO] ✅ Machine_1_Client_4 Received assignment from leader (Server 2): Task #3 → Server 1
[09:49:50S] [INFO] ✅ Machine_1_Client_4 Task #3 assigned to Server 1 by leader 2
[09:49:50S] [INFO] 📤 Machine_1_Client_4 Sending task #3 to server at 10.40.39.41:8001
[09:49:50S] [INFO] 🔍 Machine_1_Client_4 Verifying encryption for task #3 (carrier image size: 281856 bytes)
[09:49:50S] [INFO] ✅ Machine_1_Client_4 Successfully extracted embedded image for task #3 (size: 36734 bytes)
[09:49:50S] [INFO] ✅ Machine_1_Client_4 Encryption VERIFIED for task #3
[09:49:50S] [INFO] 📨 Machine_1_Client_4 Sent ACK for task #3
[09:49:50S] [INFO] ✅ Machine_1_Client_4 Task #3 completed successfully
[09:49:51S] [INFO] 📡 Machine_1_Client_4 Getting task assignment for task #4
[09:49:51S] [INFO] 📡 Machine_1_Client_4 Broadcasting assignment request for task #4 to 3 servers
[09:49:56S] [INFO] ✅ Machine_1_Client_4 Received assignment from leader (Server 2): Task #4 → Server 2
[09:49:56S] [INFO] ✅ Machine_1_Client_4 Task #4 assigned to Server 2 by leader 2
[09:49:56S] [INFO] 📤 Machine_1_Client_4 Sending task #4 to server at 10.40.38.47:8001
[09:49:58S] [INFO] 🔍 Machine_1_Client_4 Verifying encryption for task #4 (carrier image size: 281856 bytes)
[09:49:58S] [INFO] ✅ Machine_1_Client_4 Successfully extracted embedded image for task #4 (size: 36734 bytes)
[09:49:58S] [INFO] ✅ Machine_1_Client_4 Encryption VERIFIED for task #4
[09:49:58S] [INFO] 📨 Machine_1_Client_4 Sent ACK for task #4
[09:49:58S] [INFO] ✅ Machine_1_Client_4 Task #4 completed successfully
[09:50:00S] [INFO] 📡 Machine_1_Client_4 Getting task assignment for task #5
[09:50:00S] [INFO] 📡 Machine_1_Client_4 Broadcasting assignment request for task #5 to 3 servers
[09:50:05S] [INFO] ✅ Machine_1_Client_4 Received assignment from leader (Server 2): Task #5 → Server 2
[09:50:05S] [INFO] ✅ Machine_1_Client_4 Task #5 assigned to Server 2 by leader 2
[09:50:05S] [INFO] 📤 Machine_1_Client_4 Sending task #5 to server at 10.40.38.47:8001
[09:50:08S] [INFO] 🔍 Machine_1_Client_4 Verifying encryption for task #5 (carrier image size: 281856 bytes)
[09:50:08S] [INFO] ✅ Machine_1_Client_4 Successfully extracted embedded image for task #5 (size: 36734 bytes)
[09:50:08S] [INFO] ✅ Machine_1_Client_4 Encryption VERIFIED for task #5
[09:50:08S] [INFO] 📨 Machine_1_Client_4 Sent ACK for task #5
[09:50:08S] [INFO] ✅ Machine_1_Client_4 Task #5 completed successfully
[09:50:10S] [INFO] 📡 Machine_1_Client_4 Getting task assignment for task #6
[09:50:10S] [INFO] 📡 Machine_1_Client_4 Broadcasting assignment request for task #6 to 3 servers
[09:50:15S] [INFO] ✅ Machine_1_Client_4 Received assignment from leader (Server 2): Task #6 → Server 2
[09:50:15S] [INFO] ✅ Machine_1_Client_4 Task #6 assigned to Server 2 by leader 2
[09:50:15S] [INFO] 📤 Machine_1_Client_4 Sending task #6 to server at 10.40.38.47:8001
[09:50:18S] [INFO] 🔍 Machine_1_Client_4 Verifying encryption for task #6 (carrier image size: 281856 bytes)
[09:50:18S] [INFO] ✅ Machine_1_Client_4 Successfully extracted embedded image for task #6 (size: 36734 bytes)
[09:50:18S] [INFO] ✅ Machine_1_Client_4 Encryption VERIFIED for task #6
[09:50:18S] [INFO] 📨 Machine_1_Client_4 Sent ACK for task #6
[09:50:18S] [INFO] ✅ Machine_1_Client_4 Task #6 completed successfully
[09:50:20S] [INFO] 📡 Machine_1_Client_4 Getting task assignment for task #7
[09:50:20S] [INFO] 📡 Machine_1_Client_4 Broadcasting assignment request for task #7 to 3 servers
[09:50:25S] [INFO] ✅ Machine_1_Client_4 Received assignment from leader (Server 2): Task #7 → Server 2
[09:50:25S] [INFO] ✅ Machine_1_Client_4 Task #7 assigned to Server 2 by leader 2
[09:50:25S] [INFO] 📤 Machine_1_Client_4 Sending task #7 to server at 10.40.38.47:8001
[09:50:29S] [INFO] 🔍 Machine_1_Client_4 Verifying encryption for task #7 (carrier image size: 281856 bytes)
[09:50:29S] [INFO] ✅ Machine_1_Client_4 Successfully extracted embedded image for task #7 (size: 36734 bytes)
[09:50:29S] [INFO] ✅ Machine_1_Client_4 Encryption VERIFIED for task #7
[09:50:29S] [INFO] 📨 Machine_1_Client_4 Sent ACK for task #7
[09:50:29S] [INFO] ✅ Machine_1_Client_4 Task #7 completed successfully
[09:50:30S] [INFO] 📡 Machine_1_Client_4 Getting task assignment for task #8
[09:50:30S] [INFO] 📡 Machine_1_Client_4 Broadcasting assignment request for task #8 to 3 servers
[09:50:35S] [INFO] ✅ Machine_1_Client_4 Received assignment from leader (Server 2): Task #8 → Server 2
[09:50:35S] [INFO] ✅ Machine_1_Client_4 Task #8 assigned to Server 2 by leader 2
[09:50:35S] [INFO] 📤 Machine_1_Client_4 Sending task #8 to server at 10.40.38.47:8001
[09:50:39S] [INFO] 🔍 Machine_1_Client_4 Verifying encryption for task #8 (carrier image size: 281856 bytes)
[09:50:39S] [INFO] ✅ Machine_1_Client_4 Successfully extracted embedded image for task #8 (size: 36734 bytes)
[09:50:39S] [INFO] ✅ Machine_1_Client_4 Encryption VERIFIED for task #8
[09:50:39S] [INFO] 📨 Machine_1_Client_4 Sent ACK for task #8
[09:50:39S] [INFO] ✅ Machine_1_Client_4 Task #8 completed successfully
[09:50:40S] [INFO] 📡 Machine_1_Client_4 Getting task assignment for task #9
[09:50:40S] [INFO] 📡 Machine_1_Client_4 Broadcasting assignment request for task #9 to 3 servers
[09:50:45S] [INFO] ✅ Machine_1_Client_4 Received assignment from leader (Server 2): Task #9 → Server 2
[09:50:45S] [INFO] ✅ Machine_1_Client_4 Task #9 assigned to Server 2 by leader 2
[09:50:45S] [INFO] 📤 Machine_1_Client_4 Sending task #9 to server at 10.40.38.47:8001
[09:50:48S] [INFO] 🔍 Machine_1_Client_4 Verifying encryption for task #9 (carrier image size: 281856 bytes)
[09:50:48S] [INFO] ✅ Machine_1_Client_4 Successfully extracted embedded image for task #9 (size: 36734 bytes)
[09:50:48S] [INFO] ✅ Machine_1_Client_4 Encryption VERIFIED for task #9
[09:50:48S] [INFO] 📨 Machine_1_Client_4 Sent ACK for task #9
[09:50:48S] [INFO] ✅ Machine_1_Client_4 Task #9 completed successfully
[09:50:50S] [INFO] 📡 Machine_1_Client_4 Getting task assignment for task #10
[09:50:50S] [INFO] 📡 Machine_1_Client_4 Broadcasting assignment request for task #10 to 3 servers
[09:50:55S] [INFO] ✅ Machine_1_Client_4 Received assignment from leader (Server 2): Task #10 → Server 2
[09:50:55S] [INFO] ✅ Machine_1_Client_4 Task #10 assigned to Server 2 by leader 2
[09:50:55S] [INFO] 📤 Machine_1_Client_4 Sending task #10 to server at 10.40.38.47:8001
[09:51:13S] [INFO] 🔍 Machine_1_Client_4 Verifying encryption for task #10 (carrier image size: 281856 bytes)
[09:51:13S] [INFO] ✅ Machine_1_Client_4 Successfully extracted embedded image for task #10 (size: 36734 bytes)
[09:51:13S] [INFO] ✅ Machine_1_Client_4 Encryption VERIFIED for task #10
[09:51:13S] [INFO] 📨 Machine_1_Client_4 Sent ACK for task #10
[09:51:13S] [INFO] ✅ Machine_1_Client_4 Task #10 completed successfully
[09:51:14S] [INFO] 📡 Machine_1_Client_4 Getting task assignment for task #11
[09:51:14S] [INFO] 📡 Machine_1_Client_4 Broadcasting assignment request for task #11 to 3 servers
[09:51:19S] [INFO] ✅ Machine_1_Client_4 Received assignment from leader (Server 2): Task #11 → Server 2
[09:51:19S] [INFO] ✅ Machine_1_Client_4 Task #11 assigned to Server 2 by leader 2
[09:51:19S] [INFO] 📤 Machine_1_Client_4 Sending task #11 to server at 10.40.38.47:8001
[09:51:38S] [INFO] 🔍 Machine_1_Client_4 Verifying encryption for task #11 (carrier image size: 281856 bytes)
[09:51:38S] [INFO] ✅ Machine_1_Client_4 Successfully extracted embedded image for task #11 (size: 36734 bytes)
[09:51:38S] [INFO] ✅ Machine_1_Client_4 Encryption VERIFIED for task #11
[09:51:38S] [INFO] 📨 Machine_1_Client_4 Sent ACK for task #11
[09:51:38S] [INFO] ✅ Machine_1_Client_4 Task #11 completed successfully
[09:51:39S] [INFO] 📡 Machine_1_Client_4 Getting task assignment for task #12
[09:51:39S] [INFO] 📡 Machine_1_Client_4 Broadcasting assignment request for task #12 to 3 servers
[09:51:44S] [INFO] ✅ Machine_1_Client_4 Received assignment from leader (Server 2): Task #12 → Server 2
[09:51:44S] [INFO] ✅ Machine_1_Client_4 Task #12 assigned to Server 2 by leader 2
[09:51:44S] [INFO] 📤 Machine_1_Client_4 Sending task #12 to server at 10.40.38.47:8001
[09:52:06S] [INFO] 🔍 Machine_1_Client_4 Verifying encryption for task #12 (carrier image size: 281856 bytes)
[09:52:06S] [INFO] ✅ Machine_1_Client_4 Successfully extracted embedded image for task #12 (size: 36734 bytes)
[09:52:06S] [INFO] ✅ Machine_1_Client_4 Encryption VERIFIED for task #12
[09:52:06S] [INFO] 📨 Machine_1_Client_4 Sent ACK for task #12
[09:52:06S] [INFO] ✅ Machine_1_Client_4 Task #12 completed successfully
[09:52:08S] [INFO] 📡 Machine_1_Client_4 Getting task assignment for task #13
[09:52:08S] [INFO] 📡 Machine_1_Client_4 Broadcasting assignment request for task #13 to 3 servers
[09:52:13S] [INFO] ✅ Machine_1_Client_4 Received assignment from leader (Server 2): Task #13 → Server 2
[09:52:13S] [INFO] ✅ Machine_1_Client_4 Task #13 assigned to Server 2 by leader 2
[09:52:13S] [INFO] 📤 Machine_1_Client_4 Sending task #13 to server at 10.40.38.47:8001
[09:52:29S] [INFO] 🔍 Machine_1_Client_4 Verifying encryption for task #13 (carrier image size: 281856 bytes)
[09:52:29S] [INFO] ✅ Machine_1_Client_4 Successfully extracted embedded image for task #13 (size: 36734 bytes)
[09:52:29S] [INFO] ✅ Machine_1_Client_4 Encryption VERIFIED for task #13
[09:52:29S] [INFO] 📨 Machine_1_Client_4 Sent ACK for task #13
[09:52:29S] [INFO] ✅ Machine_1_Client_4 Task #13 completed successfully
[09:52:29S] [INFO] 📡 Machine_1_Client_4 Getting task assignment for task #14
[09:52:29S] [INFO] 📡 Machine_1_Client_4 Broadcasting assignment request for task #14 to 3 servers
[09:52:34S] [INFO] ✅ Machine_1_Client_4 Received assignment from leader (Server 2): Task #14 → Server 2
[09:52:34S] [INFO] ✅ Machine_1_Client_4 Task #14 assigned to Server 2 by leader 2
[09:52:34S] [INFO] 📤 Machine_1_Client_4 Sending task #14 to server at 10.40.38.47:8001
[09:52:48S] [INFO] 🔍 Machine_1_Client_4 Verifying encryption for task #14 (carrier image size: 281856 bytes)
[09:52:48S] [INFO] ✅ Machine_1_Client_4 Successfully extracted embedded image for task #14 (size: 36734 bytes)
[09:52:48S] [INFO] ✅ Machine_1_Client_4 Encryption VERIFIED for task #14
[09:52:48S] [INFO] 📨 Machine_1_Client_4 Sent ACK for task #14
[09:52:48S] [INFO] ✅ Machine_1_Client_4 Task #14 completed successfully
[09:52:49S] [INFO] 📡 Machine_1_Client_4 Getting task assignment for task #15
[09:52:49S] [INFO] 📡 Machine_1_Client_4 Broadcasting assignment request for task #15 to 3 servers
[09:52:54S] [INFO] ✅ Machine_1_Client_4 Received assignment from leader (Server 2): Task #15 → Server 2
[09:52:54S] [INFO] ✅ Machine_1_Client_4 Task #15 assigned to Server 2 by leader 2
[09:52:54S] [INFO] 📤 Machine_1_Client_4 Sending task #15 to server at 10.40.38.47:8001
[09:53:10S] [INFO] 🔍 Machine_1_Client_4 Verifying encryption for task #15 (carrier image size: 281856 bytes)
[09:53:10S] [INFO] ✅ Machine_1_Client_4 Successfully extracted embedded image for task #15 (size: 36734 bytes)
[09:53:10S] [INFO] ✅ Machine_1_Client_4 Encryption VERIFIED for task #15
[09:53:10S] [INFO] 📨 Machine_1_Client_4 Sent ACK for task #15
[09:53:10S] [INFO] ✅ Machine_1_Client_4 Task #15 completed successfully
[09:53:11S] [INFO] 📡 Machine_1_Client_4 Getting task assignment for task #16
[09:53:11S] [INFO] 📡 Machine_1_Client_4 Broadcasting assignment request for task #16 to 3 servers
[09:53:16S] [INFO] ✅ Machine_1_Client_4 Received assignment from leader (Server 2): Task #16 → Server 2
[09:53:16S] [INFO] ✅ Machine_1_Client_4 Task #16 assigned to Server 2 by leader 2
[09:53:16S] [INFO] 📤 Machine_1_Client_4 Sending task #16 to server at 10.40.38.47:8001
[09:53:35S] [INFO] 🔍 Machine_1_Client_4 Verifying encryption for task #16 (carrier image size: 281856 bytes)
[09:53:35S] [INFO] ✅ Machine_1_Client_4 Successfully extracted embedded image for task #16 (size: 36734 bytes)
[09:53:35S] [INFO] ✅ Machine_1_Client_4 Encryption VERIFIED for task #16
[09:53:35S] [INFO] 📨 Machine_1_Client_4 Sent ACK for task #16
[09:53:35S] [INFO] ✅ Machine_1_Client_4 Task #16 completed successfully
[09:53:36S] [INFO] 📡 Machine_1_Client_4 Getting task assignment for task #17
[09:53:36S] [INFO] 📡 Machine_1_Client_4 Broadcasting assignment request for task #17 to 3 servers
[09:53:41S] [INFO] ✅ Machine_1_Client_4 Received assignment from leader (Server 2): Task #17 → Server 2
[09:53:41S] [INFO] ✅ Machine_1_Client_4 Task #17 assigned to Server 2 by leader 2
[09:53:41S] [INFO] 📤 Machine_1_Client_4 Sending task #17 to server at 10.40.38.47:8001
[09:54:03S] [INFO] 🔍 Machine_1_Client_4 Verifying encryption for task #17 (carrier image size: 281856 bytes)
[09:54:03S] [INFO] ✅ Machine_1_Client_4 Successfully extracted embedded image for task #17 (size: 36734 bytes)
[09:54:03S] [INFO] ✅ Machine_1_Client_4 Encryption VERIFIED for task #17
[09:54:03S] [INFO] 📨 Machine_1_Client_4 Sent ACK for task #17
[09:54:03S] [INFO] ✅ Machine_1_Client_4 Task #17 completed successfully
[09:54:04S] [INFO] 📡 Machine_1_Client_4 Getting task assignment for task #18
[09:54:04S] [INFO] 📡 Machine_1_Client_4 Broadcasting assignment request for task #18 to 3 servers
[09:54:09S] [INFO] ✅ Machine_1_Client_4 Received assignment from leader (Server 2): Task #18 → Server 2
[09:54:09S] [INFO] ✅ Machine_1_Client_4 Task #18 assigned to Server 2 by leader 2
[09:54:09S] [INFO] 📤 Machine_1_Client_4 Sending task #18 to server at 10.40.38.47:8001
[09:54:30S] [INFO] 🔍 Machine_1_Client_4 Verifying encryption for task #18 (carrier image size: 281856 bytes)
[09:54:30S] [INFO] ✅ Machine_1_Client_4 Successfully extracted embedded image for task #18 (size: 36734 bytes)
[09:54:30S] [INFO] ✅ Machine_1_Client_4 Encryption VERIFIED for task #18
[09:54:30S] [INFO] 📨 Machine_1_Client_4 Sent ACK for task #18
[09:54:30S] [INFO] ✅ Machine_1_Client_4 Task #18 completed successfully
[09:54:31S] [INFO] 📡 Machine_1_Client_4 Getting task assignment for task #19
[09:54:31S] [INFO] 📡 Machine_1_Client_4 Broadcasting assignment request for task #19 to 3 servers
[09:54:36S] [INFO] ✅ Machine_1_Client_4 Received assignment from leader (Server 2): Task #19 → Server 2
[09:54:36S] [INFO] ✅ Machine_1_Client_4 Task #19 assigned to Server 2 by leader 2
[09:54:36S] [INFO] 📤 Machine_1_Client_4 Sending task #19 to server at 10.40.38.47:8001
