[09:49:31S] [INFO] Client 'Machine_1_Client_1' starting
[09:49:31S] [INFO] Client 'Machine_1_Client_1' sending 1000 requests (delay: 100-2000ms, 1 images available)...
[09:49:31S] [INFO] 📡 Machine_1_Client_1 Getting task assignment for task #1
[09:49:31S] [INFO] 📡 Machine_1_Client_1 Broadcasting assignment request for task #1 to 3 servers
[09:49:36S] [INFO] ✅ Machine_1_Client_1 Received assignment from leader (Server 2): Task #1 → Server 2
[09:49:36S] [INFO] ✅ Machine_1_Client_1 Task #1 assigned to Server 2 by leader 2
[09:49:36S] [INFO] 📤 Machine_1_Client_1 Sending task #1 to server at 10.40.38.47:8001
[09:49:36S] [INFO] 🔍 Machine_1_Client_1 Verifying encryption for task #1 (carrier image size: 281856 bytes)
[09:49:36S] [INFO] ✅ Machine_1_Client_1 Successfully extracted embedded image for task #1 (size: 36734 bytes)
[09:49:36S] [INFO] ✅ Machine_1_Client_1 Encryption VERIFIED for task #1
[09:49:36S] [INFO] 📨 Machine_1_Client_1 Sent ACK for task #1
[09:49:36S] [INFO] ✅ Machine_1_Client_1 Task #1 completed successfully
[09:49:37S] [INFO] 📡 Machine_1_Client_1 Getting task assignment for task #2
[09:49:37S] [INFO] 📡 Machine_1_Client_1 Broadcasting assignment request for task #2 to 3 servers
[09:49:42S] [INFO] ✅ Machine_1_Client_1 Received assignment from leader (Server 2): Task #2 → Server 2
[09:49:42S] [INFO] ✅ Machine_1_Client_1 Task #2 assigned to Server 2 by leader 2
[09:49:42S] [INFO] 📤 Machine_1_Client_1 Sending task #2 to server at 10.40.38.47:8001
[09:49:43S] [INFO] 🔍 Machine_1_Client_1 Verifying encryption for task #2 (carrier image size: 281856 bytes)
[09:49:43S] [INFO] ✅ Machine_1_Client_1 Successfully extracted embedded image for task #2 (size: 36734 bytes)
[09:49:43S] [INFO] ✅ Machine_1_Client_1 Encryption VERIFIED for task #2
[09:49:43S] [INFO] 📨 Machine_1_Client_1 Sent ACK for task #2
[09:49:43S] [INFO] ✅ Machine_1_Client_1 Task #2 completed successfully
[09:49:44S] [INFO] 📡 Machine_1_Client_1 Getting task assignment for task #3
[09:49:44S] [INFO] 📡 Machine_1_Client_1 Broadcasting assignment request for task #3 to 3 servers
[09:49:49S] [INFO] ✅ Machine_1_Client_1 Received assignment from leader (Server 2): Task #3 → Server 2
[09:49:49S] [INFO] ✅ Machine_1_Client_1 Task #3 assigned to Server 2 by leader 2
[09:49:49S] [INFO] 📤 Machine_1_Client_1 Sending task #3 to server at 10.40.38.47:8001
[09:49:54S] [INFO] 🔍 Machine_1_Client_1 Verifying encryption for task #3 (carrier image size: 281856 bytes)
[09:49:54S] [INFO] ✅ Machine_1_Client_1 Successfully extracted embedded image for task #3 (size: 36734 bytes)
[09:49:54S] [INFO] ✅ Machine_1_Client_1 Encryption VERIFIED for task #3
[09:49:54S] [INFO] 📨 Machine_1_Client_1 Sent ACK for task #3
[09:49:54S] [INFO] ✅ Machine_1_Client_1 Task #3 completed successfully
[09:49:54S] [INFO] 📡 Machine_1_Client_1 Getting task assignment for task #4
[09:49:54S] [INFO] 📡 Machine_1_Client_1 Broadcasting assignment request for task #4 to 3 servers
[09:49:59S] [INFO] ✅ Machine_1_Client_1 Received assignment from leader (Server 2): Task #4 → Server 2
[09:49:59S] [INFO] ✅ Machine_1_Client_1 Task #4 assigned to Server 2 by leader 2
[09:49:59S] [INFO] 📤 Machine_1_Client_1 Sending task #4 to server at 10.40.38.47:8001
[09:50:03S] [INFO] 🔍 Machine_1_Client_1 Verifying encryption for task #4 (carrier image size: 281856 bytes)
[09:50:03S] [INFO] ✅ Machine_1_Client_1 Successfully extracted embedded image for task #4 (size: 36734 bytes)
[09:50:03S] [INFO] ✅ Machine_1_Client_1 Encryption VERIFIED for task #4
[09:50:03S] [INFO] 📨 Machine_1_Client_1 Sent ACK for task #4
[09:50:03S] [INFO] ✅ Machine_1_Client_1 Task #4 completed successfully
[09:50:05S] [INFO] 📡 Machine_1_Client_1 Getting task assignment for task #5
[09:50:05S] [INFO] 📡 Machine_1_Client_1 Broadcasting assignment request for task #5 to 3 servers
[09:50:10S] [INFO] ✅ Machine_1_Client_1 Received assignment from leader (Server 2): Task #5 → Server 2
[09:50:10S] [INFO] ✅ Machine_1_Client_1 Task #5 assigned to Server 2 by leader 2
[09:50:10S] [INFO] 📤 Machine_1_Client_1 Sending task #5 to server at 10.40.38.47:8001
[09:50:14S] [INFO] 🔍 Machine_1_Client_1 Verifying encryption for task #5 (carrier image size: 281856 bytes)
[09:50:14S] [INFO] ✅ Machine_1_Client_1 Successfully extracted embedded image for task #5 (size: 36734 bytes)
[09:50:14S] [INFO] ✅ Machine_1_Client_1 Encryption VERIFIED for task #5
[09:50:14S] [INFO] 📨 Machine_1_Client_1 Sent ACK for task #5
[09:50:14S] [INFO] ✅ Machine_1_Client_1 Task #5 completed successfully
[09:50:15S] [INFO] 📡 Machine_1_Client_1 Getting task assignment for task #6
[09:50:15S] [INFO] 📡 Machine_1_Client_1 Broadcasting assignment request for task #6 to 3 servers
[09:50:20S] [INFO] ✅ Machine_1_Client_1 Received assignment from leader (Server 2): Task #6 → Server 2
[09:50:20S] [INFO] ✅ Machine_1_Client_1 Task #6 assigned to Server 2 by leader 2
[09:50:20S] [INFO] 📤 Machine_1_Client_1 Sending task #6 to server at 10.40.38.47:8001
[09:50:23S] [INFO] 🔍 Machine_1_Client_1 Verifying encryption for task #6 (carrier image size: 281856 bytes)
[09:50:23S] [INFO] ✅ Machine_1_Client_1 Successfully extracted embedded image for task #6 (size: 36734 bytes)
[09:50:23S] [INFO] ✅ Machine_1_Client_1 Encryption VERIFIED for task #6
[09:50:23S] [INFO] 📨 Machine_1_Client_1 Sent ACK for task #6
[09:50:23S] [INFO] ✅ Machine_1_Client_1 Task #6 completed successfully
[09:50:24S] [INFO] 📡 Machine_1_Client_1 Getting task assignment for task #7
[09:50:24S] [INFO] 📡 Machine_1_Client_1 Broadcasting assignment request for task #7 to 3 servers
[09:50:29S] [INFO] ✅ Machine_1_Client_1 Received assignment from leader (Server 2): Task #7 → Server 1
[09:50:29S] [INFO] ✅ Machine_1_Client_1 Task #7 assigned to Server 1 by leader 2
[09:50:29S] [INFO] 📤 Machine_1_Client_1 Sending task #7 to server at 10.40.39.41:8001
[09:50:29S] [INFO] 🔍 Machine_1_Client_1 Verifying encryption for task #7 (carrier image size: 281856 bytes)
[09:50:29S] [INFO] ✅ Machine_1_Client_1 Successfully extracted embedded image for task #7 (size: 36734 bytes)
[09:50:29S] [INFO] ✅ Machine_1_Client_1 Encryption VERIFIED for task #7
[09:50:29S] [INFO] 📨 Machine_1_Client_1 Sent ACK for task #7
[09:50:29S] [INFO] ✅ Machine_1_Client_1 Task #7 completed successfully
[09:50:30S] [INFO] 📡 Machine_1_Client_1 Getting task assignment for task #8
[09:50:30S] [INFO] 📡 Machine_1_Client_1 Broadcasting assignment request for task #8 to 3 servers
[09:50:35S] [INFO] ✅ Machine_1_Client_1 Received assignment from leader (Server 2): Task #8 → Server 2
[09:50:35S] [INFO] ✅ Machine_1_Client_1 Task #8 assigned to Server 2 by leader 2
[09:50:35S] [INFO] 📤 Machine_1_Client_1 Sending task #8 to server at 10.40.38.47:8001
[09:50:40S] [INFO] 🔍 Machine_1_Client_1 Verifying encryption for task #8 (carrier image size: 281856 bytes)
[09:50:40S] [INFO] ✅ Machine_1_Client_1 Successfully extracted embedded image for task #8 (size: 36734 bytes)
[09:50:40S] [INFO] ✅ Machine_1_Client_1 Encryption VERIFIED for task #8
[09:50:40S] [INFO] 📨 Machine_1_Client_1 Sent ACK for task #8
[09:50:40S] [INFO] ✅ Machine_1_Client_1 Task #8 completed successfully
[09:50:42S] [INFO] 📡 Machine_1_Client_1 Getting task assignment for task #9
[09:50:42S] [INFO] 📡 Machine_1_Client_1 Broadcasting assignment request for task #9 to 3 servers
[09:50:47S] [INFO] ✅ Machine_1_Client_1 Received assignment from leader (Server 2): Task #9 → Server 2
[09:50:47S] [INFO] ✅ Machine_1_Client_1 Task #9 assigned to Server 2 by leader 2
[09:50:47S] [INFO] 📤 Machine_1_Client_1 Sending task #9 to server at 10.40.38.47:8001
[09:50:52S] [INFO] 🔍 Machine_1_Client_1 Verifying encryption for task #9 (carrier image size: 281856 bytes)
[09:50:52S] [INFO] ✅ Machine_1_Client_1 Successfully extracted embedded image for task #9 (size: 36734 bytes)
[09:50:52S] [INFO] ✅ Machine_1_Client_1 Encryption VERIFIED for task #9
[09:50:52S] [INFO] 📨 Machine_1_Client_1 Sent ACK for task #9
[09:50:52S] [INFO] ✅ Machine_1_Client_1 Task #9 completed successfully
[09:50:53S] [INFO] 📡 Machine_1_Client_1 Getting task assignment for task #10
[09:50:53S] [INFO] 📡 Machine_1_Client_1 Broadcasting assignment request for task #10 to 3 servers
[09:50:58S] [INFO] ✅ Machine_1_Client_1 Received assignment from leader (Server 2): Task #10 → Server 1
[09:50:58S] [INFO] ✅ Machine_1_Client_1 Task #10 assigned to Server 1 by leader 2
[09:50:58S] [INFO] 📤 Machine_1_Client_1 Sending task #10 to server at 10.40.39.41:8001
[09:50:58S] [INFO] 🔍 Machine_1_Client_1 Verifying encryption for task #10 (carrier image size: 281856 bytes)
[09:50:58S] [INFO] ✅ Machine_1_Client_1 Successfully extracted embedded image for task #10 (size: 36734 bytes)
[09:50:58S] [INFO] ✅ Machine_1_Client_1 Encryption VERIFIED for task #10
[09:50:58S] [INFO] 📨 Machine_1_Client_1 Sent ACK for task #10
[09:50:58S] [INFO] ✅ Machine_1_Client_1 Task #10 completed successfully
[09:50:59S] [INFO] 📡 Machine_1_Client_1 Getting task assignment for task #11
[09:50:59S] [INFO] 📡 Machine_1_Client_1 Broadcasting assignment request for task #11 to 3 servers
[09:51:04S] [INFO] ✅ Machine_1_Client_1 Received assignment from leader (Server 2): Task #11 → Server 1
[09:51:04S] [INFO] ✅ Machine_1_Client_1 Task #11 assigned to Server 1 by leader 2
[09:51:04S] [INFO] 📤 Machine_1_Client_1 Sending task #11 to server at 10.40.39.41:8001
[09:51:04S] [INFO] 🔍 Machine_1_Client_1 Verifying encryption for task #11 (carrier image size: 281856 bytes)
[09:51:04S] [INFO] ✅ Machine_1_Client_1 Successfully extracted embedded image for task #11 (size: 36734 bytes)
[09:51:04S] [INFO] ✅ Machine_1_Client_1 Encryption VERIFIED for task #11
[09:51:04S] [INFO] 📨 Machine_1_Client_1 Sent ACK for task #11
[09:51:04S] [INFO] ✅ Machine_1_Client_1 Task #11 completed successfully
[09:51:04S] [INFO] 📡 Machine_1_Client_1 Getting task assignment for task #12
[09:51:04S] [INFO] 📡 Machine_1_Client_1 Broadcasting assignment request for task #12 to 3 servers
[09:51:09S] [INFO] ✅ Machine_1_Client_1 Received assignment from leader (Server 2): Task #12 → Server 2
[09:51:09S] [INFO] ✅ Machine_1_Client_1 Task #12 assigned to Server 2 by leader 2
[09:51:09S] [INFO] 📤 Machine_1_Client_1 Sending task #12 to server at 10.40.38.47:8001
[09:51:17S] [INFO] 🔍 Machine_1_Client_1 Verifying encryption for task #12 (carrier image size: 281856 bytes)
[09:51:17S] [INFO] ✅ Machine_1_Client_1 Successfully extracted embedded image for task #12 (size: 36734 bytes)
[09:51:17S] [INFO] ✅ Machine_1_Client_1 Encryption VERIFIED for task #12
[09:51:17S] [INFO] 📨 Machine_1_Client_1 Sent ACK for task #12
[09:51:17S] [INFO] ✅ Machine_1_Client_1 Task #12 completed successfully
[09:51:18S] [INFO] 📡 Machine_1_Client_1 Getting task assignment for task #13
[09:51:18S] [INFO] 📡 Machine_1_Client_1 Broadcasting assignment request for task #13 to 3 servers
[09:51:23S] [INFO] ✅ Machine_1_Client_1 Received assignment from leader (Server 2): Task #13 → Server 1
[09:51:23S] [INFO] ✅ Machine_1_Client_1 Task #13 assigned to Server 1 by leader 2
[09:51:23S] [INFO] 📤 Machine_1_Client_1 Sending task #13 to server at 10.40.39.41:8001
[09:51:23S] [INFO] 🔍 Machine_1_Client_1 Verifying encryption for task #13 (carrier image size: 281856 bytes)
[09:51:23S] [INFO] ✅ Machine_1_Client_1 Successfully extracted embedded image for task #13 (size: 36734 bytes)
[09:51:23S] [INFO] ✅ Machine_1_Client_1 Encryption VERIFIED for task #13
[09:51:23S] [INFO] 📨 Machine_1_Client_1 Sent ACK for task #13
[09:51:23S] [INFO] ✅ Machine_1_Client_1 Task #13 completed successfully
[09:51:23S] [INFO] 📡 Machine_1_Client_1 Getting task assignment for task #14
[09:51:23S] [INFO] 📡 Machine_1_Client_1 Broadcasting assignment request for task #14 to 3 servers
[09:51:28S] [INFO] ✅ Machine_1_Client_1 Received assignment from leader (Server 2): Task #14 → Server 2
[09:51:28S] [INFO] ✅ Machine_1_Client_1 Task #14 assigned to Server 2 by leader 2
[09:51:28S] [INFO] 📤 Machine_1_Client_1 Sending task #14 to server at 10.40.38.47:8001
[09:51:41S] [INFO] 🔍 Machine_1_Client_1 Verifying encryption for task #14 (carrier image size: 281856 bytes)
[09:51:41S] [INFO] ✅ Machine_1_Client_1 Successfully extracted embedded image for task #14 (size: 36734 bytes)
[09:51:41S] [INFO] ✅ Machine_1_Client_1 Encryption VERIFIED for task #14
[09:51:41S] [INFO] 📨 Machine_1_Client_1 Sent ACK for task #14
[09:51:41S] [INFO] ✅ Machine_1_Client_1 Task #14 completed successfully
[09:51:43S] [INFO] 📡 Machine_1_Client_1 Getting task assignment for task #15
[09:51:43S] [INFO] 📡 Machine_1_Client_1 Broadcasting assignment request for task #15 to 3 servers
[09:51:48S] [INFO] ✅ Machine_1_Client_1 Received assignment from leader (Server 2): Task #15 → Server 2
[09:51:48S] [INFO] ✅ Machine_1_Client_1 Task #15 assigned to Server 2 by leader 2
[09:51:48S] [INFO] 📤 Machine_1_Client_1 Sending task #15 to server at 10.40.38.47:8001
[09:52:08S] [INFO] 🔍 Machine_1_Client_1 Verifying encryption for task #15 (carrier image size: 281856 bytes)
[09:52:08S] [INFO] ✅ Machine_1_Client_1 Successfully extracted embedded image for task #15 (size: 36734 bytes)
[09:52:08S] [INFO] ✅ Machine_1_Client_1 Encryption VERIFIED for task #15
[09:52:08S] [INFO] 📨 Machine_1_Client_1 Sent ACK for task #15
[09:52:08S] [INFO] ✅ Machine_1_Client_1 Task #15 completed successfully
[09:52:10S] [INFO] 📡 Machine_1_Client_1 Getting task assignment for task #16
[09:52:10S] [INFO] 📡 Machine_1_Client_1 Broadcasting assignment request for task #16 to 3 servers
[09:52:15S] [INFO] ✅ Machine_1_Client_1 Received assignment from leader (Server 2): Task #16 → Server 1
[09:52:15S] [INFO] ✅ Machine_1_Client_1 Task #16 assigned to Server 1 by leader 2
[09:52:15S] [INFO] 📤 Machine_1_Client_1 Sending task #16 to server at 10.40.39.41:8001
[09:52:15S] [INFO] 🔍 Machine_1_Client_1 Verifying encryption for task #16 (carrier image size: 281856 bytes)
[09:52:15S] [INFO] ✅ Machine_1_Client_1 Successfully extracted embedded image for task #16 (size: 36734 bytes)
[09:52:15S] [INFO] ✅ Machine_1_Client_1 Encryption VERIFIED for task #16
[09:52:15S] [INFO] 📨 Machine_1_Client_1 Sent ACK for task #16
[09:52:15S] [INFO] ✅ Machine_1_Client_1 Task #16 completed successfully
[09:52:15S] [INFO] 📡 Machine_1_Client_1 Getting task assignment for task #17
[09:52:15S] [INFO] 📡 Machine_1_Client_1 Broadcasting assignment request for task #17 to 3 servers
[09:52:20S] [INFO] ✅ Machine_1_Client_1 Received assignment from leader (Server 2): Task #17 → Server 1
[09:52:20S] [INFO] ✅ Machine_1_Client_1 Task #17 assigned to Server 1 by leader 2
[09:52:20S] [INFO] 📤 Machine_1_Client_1 Sending task #17 to server at 10.40.39.41:8001
[09:52:20S] [INFO] 🔍 Machine_1_Client_1 Verifying encryption for task #17 (carrier image size: 281856 bytes)
[09:52:20S] [INFO] ✅ Machine_1_Client_1 Successfully extracted embedded image for task #17 (size: 36734 bytes)
[09:52:20S] [INFO] ✅ Machine_1_Client_1 Encryption VERIFIED for task #17
[09:52:20S] [INFO] 📨 Machine_1_Client_1 Sent ACK for task #17
[09:52:20S] [INFO] ✅ Machine_1_Client_1 Task #17 completed successfully
[09:52:21S] [INFO] 📡 Machine_1_Client_1 Getting task assignment for task #18
[09:52:21S] [INFO] 📡 Machine_1_Client_1 Broadcasting assignment request for task #18 to 3 servers
[09:52:26S] [INFO] ✅ Machine_1_Client_1 Received assignment from leader (Server 2): Task #18 → Server 1
[09:52:26S] [INFO] ✅ Machine_1_Client_1 Task #18 assigned to Server 1 by leader 2
[09:52:26S] [INFO] 📤 Machine_1_Client_1 Sending task #18 to server at 10.40.39.41:8001
[09:52:26S] [INFO] 🔍 Machine_1_Client_1 Verifying encryption for task #18 (carrier image size: 281856 bytes)
[09:52:26S] [INFO] ✅ Machine_1_Client_1 Successfully extracted embedded image for task #18 (size: 36734 bytes)
[09:52:26S] [INFO] ✅ Machine_1_Client_1 Encryption VERIFIED for task #18
[09:52:26S] [INFO] 📨 Machine_1_Client_1 Sent ACK for task #18
[09:52:26S] [INFO] ✅ Machine_1_Client_1 Task #18 completed successfully
[09:52:26S] [INFO] 📡 Machine_1_Client_1 Getting task assignment for task #19
[09:52:26S] [INFO] 📡 Machine_1_Client_1 Broadcasting assignment request for task #19 to 3 servers
[09:52:31S] [INFO] ✅ Machine_1_Client_1 Received assignment from leader (Server 2): Task #19 → Server 1
[09:52:31S] [INFO] ✅ Machine_1_Client_1 Task #19 assigned to Server 1 by leader 2
[09:52:31S] [INFO] 📤 Machine_1_Client_1 Sending task #19 to server at 10.40.39.41:8001
[09:52:32S] [INFO] 🔍 Machine_1_Client_1 Verifying encryption for task #19 (carrier image size: 281856 bytes)
[09:52:32S] [INFO] ✅ Machine_1_Client_1 Successfully extracted embedded image for task #19 (size: 36734 bytes)
[09:52:32S] [INFO] ✅ Machine_1_Client_1 Encryption VERIFIED for task #19
[09:52:32S] [INFO] 📨 Machine_1_Client_1 Sent ACK for task #19
[09:52:32S] [INFO] ✅ Machine_1_Client_1 Task #19 completed successfully
[09:52:33S] [INFO] 📡 Machine_1_Client_1 Getting task assignment for task #20
[09:52:33S] [INFO] 📡 Machine_1_Client_1 Broadcasting assignment request for task #20 to 3 servers
[09:52:38S] [INFO] ✅ Machine_1_Client_1 Received assignment from leader (Server 2): Task #20 → Server 2
[09:52:38S] [INFO] ✅ Machine_1_Client_1 Task #20 assigned to Server 2 by leader 2
[09:52:38S] [INFO] 📤 Machine_1_Client_1 Sending task #20 to server at 10.40.38.47:8001
[09:52:58S] [INFO] 🔍 Machine_1_Client_1 Verifying encryption for task #20 (carrier image size: 281856 bytes)
[09:52:58S] [INFO] ✅ Machine_1_Client_1 Successfully extracted embedded image for task #20 (size: 36734 bytes)
[09:52:58S] [INFO] ✅ Machine_1_Client_1 Encryption VERIFIED for task #20
[09:52:58S] [INFO] 📨 Machine_1_Client_1 Sent ACK for task #20
[09:52:58S] [INFO] ✅ Machine_1_Client_1 Task #20 completed successfully
[09:53:00S] [INFO] 📡 Machine_1_Client_1 Getting task assignment for task #21
[09:53:00S] [INFO] 📡 Machine_1_Client_1 Broadcasting assignment request for task #21 to 3 servers
[09:53:05S] [INFO] ✅ Machine_1_Client_1 Received assignment from leader (Server 2): Task #21 → Server 1
[09:53:05S] [INFO] ✅ Machine_1_Client_1 Task #21 assigned to Server 1 by leader 2
[09:53:05S] [INFO] 📤 Machine_1_Client_1 Sending task #21 to server at 10.40.39.41:8001
[09:53:05S] [INFO] 🔍 Machine_1_Client_1 Verifying encryption for task #21 (carrier image size: 281856 bytes)
[09:53:05S] [INFO] ✅ Machine_1_Client_1 Successfully extracted embedded image for task #21 (size: 36734 bytes)
[09:53:05S] [INFO] ✅ Machine_1_Client_1 Encryption VERIFIED for task #21
[09:53:05S] [INFO] 📨 Machine_1_Client_1 Sent ACK for task #21
[09:53:05S] [INFO] ✅ Machine_1_Client_1 Task #21 completed successfully
[09:53:06S] [INFO] 📡 Machine_1_Client_1 Getting task assignment for task #22
[09:53:06S] [INFO] 📡 Machine_1_Client_1 Broadcasting assignment request for task #22 to 3 servers
[09:53:11S] [INFO] ✅ Machine_1_Client_1 Received assignment from leader (Server 2): Task #22 → Server 2
[09:53:11S] [INFO] ✅ Machine_1_Client_1 Task #22 assigned to Server 2 by leader 2
[09:53:11S] [INFO] 📤 Machine_1_Client_1 Sending task #22 to server at 10.40.38.47:8001
[09:53:33S] [INFO] 🔍 Machine_1_Client_1 Verifying encryption for task #22 (carrier image size: 281856 bytes)
[09:53:33S] [INFO] ✅ Machine_1_Client_1 Successfully extracted embedded image for task #22 (size: 36734 bytes)
[09:53:33S] [INFO] ✅ Machine_1_Client_1 Encryption VERIFIED for task #22
[09:53:33S] [INFO] 📨 Machine_1_Client_1 Sent ACK for task #22
[09:53:33S] [INFO] ✅ Machine_1_Client_1 Task #22 completed successfully
[09:53:34S] [INFO] 📡 Machine_1_Client_1 Getting task assignment for task #23
[09:53:34S] [INFO] 📡 Machine_1_Client_1 Broadcasting assignment request for task #23 to 3 servers
[09:53:39S] [INFO] ✅ Machine_1_Client_1 Received assignment from leader (Server 2): Task #23 → Server 2
[09:53:39S] [INFO] ✅ Machine_1_Client_1 Task #23 assigned to Server 2 by leader 2
[09:53:39S] [INFO] 📤 Machine_1_Client_1 Sending task #23 to server at 10.40.38.47:8001
[09:53:58S] [INFO] 🔍 Machine_1_Client_1 Verifying encryption for task #23 (carrier image size: 281856 bytes)
[09:53:58S] [INFO] ✅ Machine_1_Client_1 Successfully extracted embedded image for task #23 (size: 36734 bytes)
[09:53:58S] [INFO] ✅ Machine_1_Client_1 Encryption VERIFIED for task #23
[09:53:58S] [INFO] 📨 Machine_1_Client_1 Sent ACK for task #23
[09:53:58S] [INFO] ✅ Machine_1_Client_1 Task #23 completed successfully
[09:53:58S] [INFO] 📡 Machine_1_Client_1 Getting task assignment for task #24
[09:53:58S] [INFO] 📡 Machine_1_Client_1 Broadcasting assignment request for task #24 to 3 servers
[09:54:03S] [INFO] ✅ Machine_1_Client_1 Received assignment from leader (Server 2): Task #24 → Server 2
[09:54:03S] [INFO] ✅ Machine_1_Client_1 Task #24 assigned to Server 2 by leader 2
[09:54:03S] [INFO] 📤 Machine_1_Client_1 Sending task #24 to server at 10.40.38.47:8001
[09:54:24S] [INFO] 🔍 Machine_1_Client_1 Verifying encryption for task #24 (carrier image size: 281856 bytes)
[09:54:24S] [INFO] ✅ Machine_1_Client_1 Successfully extracted embedded image for task #24 (size: 36734 bytes)
[09:54:24S] [INFO] ✅ Machine_1_Client_1 Encryption VERIFIED for task #24
[09:54:24S] [INFO] 📨 Machine_1_Client_1 Sent ACK for task #24
[09:54:24S] [INFO] ✅ Machine_1_Client_1 Task #24 completed successfully
[09:54:25S] [INFO] 📡 Machine_1_Client_1 Getting task assignment for task #25
[09:54:25S] [INFO] 📡 Machine_1_Client_1 Broadcasting assignment request for task #25 to 3 servers
[09:54:30S] [INFO] ✅ Machine_1_Client_1 Received assignment from leader (Server 2): Task #25 → Server 2
[09:54:30S] [INFO] ✅ Machine_1_Client_1 Task #25 assigned to Server 2 by leader 2
[09:54:30S] [INFO] 📤 Machine_1_Client_1 Sending task #25 to server at 10.40.38.47:8001
[09:54:45S] [INFO] 🔍 Machine_1_Client_1 Verifying encryption for task #25 (carrier image size: 281856 bytes)
[09:54:45S] [INFO] ✅ Machine_1_Client_1 Successfully extracted embedded image for task #25 (size: 36734 bytes)
[09:54:45S] [INFO] ✅ Machine_1_Client_1 Encryption VERIFIED for task #25
[09:54:45S] [INFO] 📨 Machine_1_Client_1 Sent ACK for task #25
[09:54:45S] [INFO] ✅ Machine_1_Client_1 Task #25 completed successfully
