[09:50:45S] [INFO] Client 'Machine_2_Client_6' starting
[09:50:45S] [INFO] Client 'Machine_2_Client_6' sending 1000 requests (delay: 100-2000ms, 1 images available)...
[09:50:45S] [INFO] 📡 Machine_2_Client_6 Getting task assignment for task #1
[09:50:45S] [INFO] 📡 Machine_2_Client_6 Broadcasting assignment request for task #1 to 3 servers
[09:50:50S] [INFO] ✅ Machine_2_Client_6 Received assignment from leader (Server 2): Task #1 → Server 2
[09:50:50S] [INFO] ✅ Machine_2_Client_6 Task #1 assigned to Server 2 by leader 2
[09:50:50S] [INFO] 📤 Machine_2_Client_6 Sending task #1 to server at 10.40.38.47:8001
[09:51:06S] [INFO] 🔍 Machine_2_Client_6 Verifying encryption for task #1 (carrier image size: 281856 bytes)
[09:51:06S] [INFO] ✅ Machine_2_Client_6 Successfully extracted embedded image for task #1 (size: 36734 bytes)
[09:51:06S] [INFO] ✅ Machine_2_Client_6 Encryption VERIFIED for task #1
[09:51:06S] [INFO] 📨 Machine_2_Client_6 Sent ACK for task #1
[09:51:06S] [INFO] ✅ Machine_2_Client_6 Task #1 completed successfully
[09:51:07S] [INFO] 📡 Machine_2_Client_6 Getting task assignment for task #2
[09:51:07S] [INFO] 📡 Machine_2_Client_6 Broadcasting assignment request for task #2 to 3 servers
[09:51:12S] [INFO] ✅ Machine_2_Client_6 Received assignment from leader (Server 2): Task #2 → Server 2
[09:51:12S] [INFO] ✅ Machine_2_Client_6 Task #2 assigned to Server 2 by leader 2
[09:51:12S] [INFO] 📤 Machine_2_Client_6 Sending task #2 to server at 10.40.38.47:8001
[09:51:22S] [INFO] 🔍 Machine_2_Client_6 Verifying encryption for task #2 (carrier image size: 281856 bytes)
[09:51:22S] [INFO] ✅ Machine_2_Client_6 Successfully extracted embedded image for task #2 (size: 36734 bytes)
[09:51:22S] [INFO] ✅ Machine_2_Client_6 Encryption VERIFIED for task #2
[09:51:22S] [INFO] 📨 Machine_2_Client_6 Sent ACK for task #2
[09:51:22S] [INFO] ✅ Machine_2_Client_6 Task #2 completed successfully
[09:51:23S] [INFO] 📡 Machine_2_Client_6 Getting task assignment for task #3
[09:51:23S] [INFO] 📡 Machine_2_Client_6 Broadcasting assignment request for task #3 to 3 servers
[09:51:28S] [INFO] ✅ Machine_2_Client_6 Received assignment from leader (Server 2): Task #3 → Server 2
[09:51:28S] [INFO] ✅ Machine_2_Client_6 Task #3 assigned to Server 2 by leader 2
[09:51:28S] [INFO] 📤 Machine_2_Client_6 Sending task #3 to server at 10.40.38.47:8001
[09:51:41S] [INFO] 🔍 Machine_2_Client_6 Verifying encryption for task #3 (carrier image size: 281856 bytes)
[09:51:41S] [INFO] ✅ Machine_2_Client_6 Successfully extracted embedded image for task #3 (size: 36734 bytes)
[09:51:41S] [INFO] ✅ Machine_2_Client_6 Encryption VERIFIED for task #3
[09:51:41S] [INFO] 📨 Machine_2_Client_6 Sent ACK for task #3
[09:51:41S] [INFO] ✅ Machine_2_Client_6 Task #3 completed successfully
[09:51:42S] [INFO] 📡 Machine_2_Client_6 Getting task assignment for task #4
[09:51:42S] [INFO] 📡 Machine_2_Client_6 Broadcasting assignment request for task #4 to 3 servers
[09:51:47S] [INFO] ✅ Machine_2_Client_6 Received assignment from leader (Server 2): Task #4 → Server 2
[09:51:47S] [INFO] ✅ Machine_2_Client_6 Task #4 assigned to Server 2 by leader 2
[09:51:47S] [INFO] 📤 Machine_2_Client_6 Sending task #4 to server at 10.40.38.47:8001
[09:52:07S] [INFO] 🔍 Machine_2_Client_6 Verifying encryption for task #4 (carrier image size: 281856 bytes)
[09:52:07S] [INFO] ✅ Machine_2_Client_6 Successfully extracted embedded image for task #4 (size: 36734 bytes)
[09:52:07S] [INFO] ✅ Machine_2_Client_6 Encryption VERIFIED for task #4
[09:52:07S] [INFO] 📨 Machine_2_Client_6 Sent ACK for task #4
[09:52:07S] [INFO] ✅ Machine_2_Client_6 Task #4 completed successfully
[09:52:08S] [INFO] 📡 Machine_2_Client_6 Getting task assignment for task #5
[09:52:08S] [INFO] 📡 Machine_2_Client_6 Broadcasting assignment request for task #5 to 3 servers
[09:52:13S] [INFO] ✅ Machine_2_Client_6 Received assignment from leader (Server 2): Task #5 → Server 2
[09:52:13S] [INFO] ✅ Machine_2_Client_6 Task #5 assigned to Server 2 by leader 2
[09:52:13S] [INFO] 📤 Machine_2_Client_6 Sending task #5 to server at 10.40.38.47:8001
[09:52:33S] [INFO] 🔍 Machine_2_Client_6 Verifying encryption for task #5 (carrier image size: 281856 bytes)
[09:52:33S] [INFO] ✅ Machine_2_Client_6 Successfully extracted embedded image for task #5 (size: 36734 bytes)
[09:52:33S] [INFO] ✅ Machine_2_Client_6 Encryption VERIFIED for task #5
[09:52:33S] [INFO] 📨 Machine_2_Client_6 Sent ACK for task #5
[09:52:33S] [INFO] ✅ Machine_2_Client_6 Task #5 completed successfully
[09:52:33S] [INFO] 📡 Machine_2_Client_6 Getting task assignment for task #6
[09:52:33S] [INFO] 📡 Machine_2_Client_6 Broadcasting assignment request for task #6 to 3 servers
[09:52:38S] [INFO] ✅ Machine_2_Client_6 Received assignment from leader (Server 2): Task #6 → Server 2
[09:52:38S] [INFO] ✅ Machine_2_Client_6 Task #6 assigned to Server 2 by leader 2
[09:52:38S] [INFO] 📤 Machine_2_Client_6 Sending task #6 to server at 10.40.38.47:8001
[09:52:58S] [INFO] 🔍 Machine_2_Client_6 Verifying encryption for task #6 (carrier image size: 281856 bytes)
[09:52:58S] [INFO] ✅ Machine_2_Client_6 Successfully extracted embedded image for task #6 (size: 36734 bytes)
[09:52:58S] [INFO] ✅ Machine_2_Client_6 Encryption VERIFIED for task #6
[09:52:58S] [INFO] 📨 Machine_2_Client_6 Sent ACK for task #6
[09:52:58S] [INFO] ✅ Machine_2_Client_6 Task #6 completed successfully
[09:53:00S] [INFO] 📡 Machine_2_Client_6 Getting task assignment for task #7
[09:53:00S] [INFO] 📡 Machine_2_Client_6 Broadcasting assignment request for task #7 to 3 servers
[09:53:05S] [INFO] ✅ Machine_2_Client_6 Received assignment from leader (Server 2): Task #7 → Server 1
[09:53:05S] [INFO] ✅ Machine_2_Client_6 Task #7 assigned to Server 1 by leader 2
[09:53:05S] [INFO] 📤 Machine_2_Client_6 Sending task #7 to server at 10.40.39.41:8001
[09:53:05S] [INFO] 🔍 Machine_2_Client_6 Verifying encryption for task #7 (carrier image size: 281856 bytes)
[09:53:05S] [INFO] ✅ Machine_2_Client_6 Successfully extracted embedded image for task #7 (size: 36734 bytes)
[09:53:05S] [INFO] ✅ Machine_2_Client_6 Encryption VERIFIED for task #7
[09:53:05S] [INFO] 📨 Machine_2_Client_6 Sent ACK for task #7
[09:53:05S] [INFO] ✅ Machine_2_Client_6 Task #7 completed successfully
[09:53:06S] [INFO] 📡 Machine_2_Client_6 Getting task assignment for task #8
[09:53:06S] [INFO] 📡 Machine_2_Client_6 Broadcasting assignment request for task #8 to 3 servers
[09:53:11S] [INFO] ✅ Machine_2_Client_6 Received assignment from leader (Server 2): Task #8 → Server 2
[09:53:11S] [INFO] ✅ Machine_2_Client_6 Task #8 assigned to Server 2 by leader 2
[09:53:11S] [INFO] 📤 Machine_2_Client_6 Sending task #8 to server at 10.40.38.47:8001
[09:53:33S] [INFO] 🔍 Machine_2_Client_6 Verifying encryption for task #8 (carrier image size: 281856 bytes)
[09:53:33S] [INFO] ✅ Machine_2_Client_6 Successfully extracted embedded image for task #8 (size: 36734 bytes)
[09:53:33S] [INFO] ✅ Machine_2_Client_6 Encryption VERIFIED for task #8
[09:53:33S] [INFO] 📨 Machine_2_Client_6 Sent ACK for task #8
[09:53:33S] [INFO] ✅ Machine_2_Client_6 Task #8 completed successfully
[09:53:34S] [INFO] 📡 Machine_2_Client_6 Getting task assignment for task #9
[09:53:34S] [INFO] 📡 Machine_2_Client_6 Broadcasting assignment request for task #9 to 3 servers
[09:53:39S] [INFO] ✅ Machine_2_Client_6 Received assignment from leader (Server 2): Task #9 → Server 2
[09:53:39S] [INFO] ✅ Machine_2_Client_6 Task #9 assigned to Server 2 by leader 2
[09:53:39S] [INFO] 📤 Machine_2_Client_6 Sending task #9 to server at 10.40.38.47:8001
[09:53:57S] [INFO] 🔍 Machine_2_Client_6 Verifying encryption for task #9 (carrier image size: 281856 bytes)
[09:53:57S] [INFO] ✅ Machine_2_Client_6 Successfully extracted embedded image for task #9 (size: 36734 bytes)
[09:53:57S] [INFO] ✅ Machine_2_Client_6 Encryption VERIFIED for task #9
[09:53:57S] [INFO] 📨 Machine_2_Client_6 Sent ACK for task #9
[09:53:57S] [INFO] ✅ Machine_2_Client_6 Task #9 completed successfully
[09:53:58S] [INFO] 📡 Machine_2_Client_6 Getting task assignment for task #10
[09:53:58S] [INFO] 📡 Machine_2_Client_6 Broadcasting assignment request for task #10 to 3 servers
[09:54:03S] [INFO] ✅ Machine_2_Client_6 Received assignment from leader (Server 2): Task #10 → Server 2
[09:54:03S] [INFO] ✅ Machine_2_Client_6 Task #10 assigned to Server 2 by leader 2
[09:54:03S] [INFO] 📤 Machine_2_Client_6 Sending task #10 to server at 10.40.38.47:8001
[09:54:23S] [INFO] 🔍 Machine_2_Client_6 Verifying encryption for task #10 (carrier image size: 281856 bytes)
[09:54:23S] [INFO] ✅ Machine_2_Client_6 Successfully extracted embedded image for task #10 (size: 36734 bytes)
[09:54:23S] [INFO] ✅ Machine_2_Client_6 Encryption VERIFIED for task #10
[09:54:23S] [INFO] 📨 Machine_2_Client_6 Sent ACK for task #10
[09:54:23S] [INFO] ✅ Machine_2_Client_6 Task #10 completed successfully
[09:54:24S] [INFO] 📡 Machine_2_Client_6 Getting task assignment for task #11
[09:54:24S] [INFO] 📡 Machine_2_Client_6 Broadcasting assignment request for task #11 to 3 servers
[09:54:29S] [INFO] ✅ Machine_2_Client_6 Received assignment from leader (Server 2): Task #11 → Server 2
[09:54:29S] [INFO] ✅ Machine_2_Client_6 Task #11 assigned to Server 2 by leader 2
[09:54:29S] [INFO] 📤 Machine_2_Client_6 Sending task #11 to server at 10.40.38.47:8001
